Archive member included because of file (symbol)

c:/opencv2/dep/winavr/bin/../lib/gcc/avr/4.3.3/avr4\libgcc.a(_udivmodhi4.o)
                              ./src/main.o (__udivmodhi4)
c:/opencv2/dep/winavr/bin/../lib/gcc/avr/4.3.3/avr4\libgcc.a(_divmodhi4.o)
                              ./src/main.o (__divmodhi4)
c:/opencv2/dep/winavr/bin/../lib/gcc/avr/4.3.3/avr4\libgcc.a(_divmodsi4.o)
                              ./src/main.o (__divmodsi4)
c:/opencv2/dep/winavr/bin/../lib/gcc/avr/4.3.3/avr4\libgcc.a(_exit.o)
                              c:/opencv2/dep/winavr/bin/../lib/gcc/avr/4.3.3/../../../../avr/lib/avr4/crtm8.o (exit)
c:/opencv2/dep/winavr/bin/../lib/gcc/avr/4.3.3/avr4\libgcc.a(_copy_data.o)
                              ./src/main.o (__do_copy_data)
c:/opencv2/dep/winavr/bin/../lib/gcc/avr/4.3.3/avr4\libgcc.a(_clear_bss.o)
                              ./src/main.o (__do_clear_bss)
c:/opencv2/dep/winavr/bin/../lib/gcc/avr/4.3.3/avr4\libgcc.a(_si_to_sf.o)
                              ./src/main.o (__floatsisf)
c:/opencv2/dep/winavr/bin/../lib/gcc/avr/4.3.3/avr4\libgcc.a(_sf_to_si.o)
                              ./src/main.o (__fixsfsi)
c:/opencv2/dep/winavr/bin/../lib/gcc/avr/4.3.3/avr4\libgcc.a(_udivmodsi4.o)
                              c:/opencv2/dep/winavr/bin/../lib/gcc/avr/4.3.3/avr4\libgcc.a(_divmodsi4.o) (__udivmodsi4)
c:/opencv2/dep/winavr/bin/../lib/gcc/avr/4.3.3/avr4\libgcc.a(_prologue.o)
                              c:/opencv2/dep/winavr/bin/../lib/gcc/avr/4.3.3/avr4\libgcc.a(_si_to_sf.o) (__prologue_saves__)
c:/opencv2/dep/winavr/bin/../lib/gcc/avr/4.3.3/avr4\libgcc.a(_epilogue.o)
                              c:/opencv2/dep/winavr/bin/../lib/gcc/avr/4.3.3/avr4\libgcc.a(_si_to_sf.o) (__epilogue_restores__)
c:/opencv2/dep/winavr/bin/../lib/gcc/avr/4.3.3/avr4\libgcc.a(_clzsi2.o)
                              c:/opencv2/dep/winavr/bin/../lib/gcc/avr/4.3.3/avr4\libgcc.a(_si_to_sf.o) (__clzsi2)
c:/opencv2/dep/winavr/bin/../lib/gcc/avr/4.3.3/avr4\libgcc.a(_pack_sf.o)
                              c:/opencv2/dep/winavr/bin/../lib/gcc/avr/4.3.3/avr4\libgcc.a(_si_to_sf.o) (__pack_f)
c:/opencv2/dep/winavr/bin/../lib/gcc/avr/4.3.3/avr4\libgcc.a(_unpack_sf.o)
                              c:/opencv2/dep/winavr/bin/../lib/gcc/avr/4.3.3/avr4\libgcc.a(_sf_to_si.o) (__unpack_f)
c:/opencv2/dep/winavr/bin/../lib/gcc/avr/4.3.3/avr4\libgcc.a(_clz.o)
                              c:/opencv2/dep/winavr/bin/../lib/gcc/avr/4.3.3/avr4\libgcc.a(_clzsi2.o) (__clz_tab)
c:/opencv2/dep/winavr/bin/../lib/gcc/avr/4.3.3/../../../../avr/lib/avr4\libc.a(itoa.o)
                              ./src/main.o (itoa)
c:/opencv2/dep/winavr/bin/../lib/gcc/avr/4.3.3/../../../../avr/lib/avr4\libc.a(sqrt.o)
                              ./src/main.o (sqrt)
c:/opencv2/dep/winavr/bin/../lib/gcc/avr/4.3.3/../../../../avr/lib/avr4\libc.a(strrev.o)
                              c:/opencv2/dep/winavr/bin/../lib/gcc/avr/4.3.3/../../../../avr/lib/avr4\libc.a(itoa.o) (strrev)
c:/opencv2/dep/winavr/bin/../lib/gcc/avr/4.3.3/../../../../avr/lib/avr4\libc.a(fp_mpack.o)
                              c:/opencv2/dep/winavr/bin/../lib/gcc/avr/4.3.3/../../../../avr/lib/avr4\libc.a(sqrt.o) (__fp_mpack)
c:/opencv2/dep/winavr/bin/../lib/gcc/avr/4.3.3/../../../../avr/lib/avr4\libc.a(fp_nan.o)
                              c:/opencv2/dep/winavr/bin/../lib/gcc/avr/4.3.3/../../../../avr/lib/avr4\libc.a(sqrt.o) (__fp_nan)
c:/opencv2/dep/winavr/bin/../lib/gcc/avr/4.3.3/../../../../avr/lib/avr4\libc.a(fp_norm2.o)
                              c:/opencv2/dep/winavr/bin/../lib/gcc/avr/4.3.3/../../../../avr/lib/avr4\libc.a(sqrt.o) (__fp_norm2)
c:/opencv2/dep/winavr/bin/../lib/gcc/avr/4.3.3/../../../../avr/lib/avr4\libc.a(fp_split3.o)
                              c:/opencv2/dep/winavr/bin/../lib/gcc/avr/4.3.3/../../../../avr/lib/avr4\libc.a(sqrt.o) (__fp_splitA)

Memory Configuration

Name             Origin             Length             Attributes
text             0x00000000         0x00002000         xr
data             0x00800060         0x0000ffa0         rw !x
eeprom           0x00810000         0x00010000         rw !x
fuse             0x00820000         0x00000400         rw !x
lock             0x00830000         0x00000400         rw !x
signature        0x00840000         0x00000400         rw !x
*default*        0x00000000         0xffffffff

Linker script and memory map

LOAD c:/opencv2/dep/winavr/bin/../lib/gcc/avr/4.3.3/../../../../avr/lib/avr4/crtm8.o
LOAD ./src/main.o
LOAD c:/opencv2/dep/winavr/bin/../lib/gcc/avr/4.3.3/avr4\libgcc.a
LOAD c:/opencv2/dep/winavr/bin/../lib/gcc/avr/4.3.3/../../../../avr/lib/avr4\libc.a
LOAD c:/opencv2/dep/winavr/bin/../lib/gcc/avr/4.3.3/avr4\libgcc.a

.hash
 *(.hash)

.dynsym
 *(.dynsym)

.dynstr
 *(.dynstr)

.gnu.version
 *(.gnu.version)

.gnu.version_d
 *(.gnu.version_d)

.gnu.version_r
 *(.gnu.version_r)

.rel.init
 *(.rel.init)

.rela.init
 *(.rela.init)

.rel.text
 *(.rel.text)
 *(.rel.text.*)
 *(.rel.gnu.linkonce.t*)

.rela.text
 *(.rela.text)
 *(.rela.text.*)
 *(.rela.gnu.linkonce.t*)

.rel.fini
 *(.rel.fini)

.rela.fini
 *(.rela.fini)

.rel.rodata
 *(.rel.rodata)
 *(.rel.rodata.*)
 *(.rel.gnu.linkonce.r*)

.rela.rodata
 *(.rela.rodata)
 *(.rela.rodata.*)
 *(.rela.gnu.linkonce.r*)

.rel.data
 *(.rel.data)
 *(.rel.data.*)
 *(.rel.gnu.linkonce.d*)

.rela.data
 *(.rela.data)
 *(.rela.data.*)
 *(.rela.gnu.linkonce.d*)

.rel.ctors
 *(.rel.ctors)

.rela.ctors
 *(.rela.ctors)

.rel.dtors
 *(.rel.dtors)

.rela.dtors
 *(.rela.dtors)

.rel.got
 *(.rel.got)

.rela.got
 *(.rela.got)

.rel.bss
 *(.rel.bss)

.rela.bss
 *(.rela.bss)

.rel.plt
 *(.rel.plt)

.rela.plt
 *(.rela.plt)

.text           0x00000000     0x144e
 *(.vectors)
 .vectors       0x00000000       0x26 c:/opencv2/dep/winavr/bin/../lib/gcc/avr/4.3.3/../../../../avr/lib/avr4/crtm8.o
                0x00000000                __vectors
                0x00000000                __vector_default
 *(.vectors)
 *(.progmem.gcc*)
 .progmem.gcc_sw_table
                0x00000026       0x1a ./src/main.o
 *(.progmem*)
                0x00000040                . = ALIGN (0x2)
                0x00000040                __trampolines_start = .
 *(.trampolines)
 .trampolines   0x00000040        0x0 linker stubs
 *(.trampolines*)
                0x00000040                __trampolines_end = .
 *(.jumptables)
 *(.jumptables*)
 *(.lowtext)
 *(.lowtext*)
                0x00000040                __ctors_start = .
 *(.ctors)
                0x00000040                __ctors_end = .
                0x00000040                __dtors_start = .
 *(.dtors)
                0x00000040                __dtors_end = .
 SORT(*)(.ctors)
 SORT(*)(.dtors)
 *(.init0)
 .init0         0x00000040        0x0 c:/opencv2/dep/winavr/bin/../lib/gcc/avr/4.3.3/../../../../avr/lib/avr4/crtm8.o
                0x00000040                __init
 *(.init0)
 *(.init1)
 *(.init1)
 *(.init2)
 .init2         0x00000040        0xc c:/opencv2/dep/winavr/bin/../lib/gcc/avr/4.3.3/../../../../avr/lib/avr4/crtm8.o
 *(.init2)
 *(.init3)
 *(.init3)
 *(.init4)
 .init4         0x0000004c       0x16 c:/opencv2/dep/winavr/bin/../lib/gcc/avr/4.3.3/avr4\libgcc.a(_copy_data.o)
                0x0000004c                __do_copy_data
 .init4         0x00000062       0x10 c:/opencv2/dep/winavr/bin/../lib/gcc/avr/4.3.3/avr4\libgcc.a(_clear_bss.o)
                0x00000062                __do_clear_bss
 *(.init4)
 *(.init5)
 *(.init5)
 *(.init6)
 *(.init6)
 *(.init7)
 *(.init7)
 *(.init8)
 *(.init8)
 *(.init9)
 .init9         0x00000072        0x4 c:/opencv2/dep/winavr/bin/../lib/gcc/avr/4.3.3/../../../../avr/lib/avr4/crtm8.o
 *(.init9)
 *(.text)
 .text          0x00000076        0x2 c:/opencv2/dep/winavr/bin/../lib/gcc/avr/4.3.3/../../../../avr/lib/avr4/crtm8.o
                0x00000076                __vector_1
                0x00000076                __vector_12
                0x00000076                __bad_interrupt
                0x00000076                __vector_3
                0x00000076                __vector_11
                0x00000076                __vector_13
                0x00000076                __vector_17
                0x00000076                __vector_7
                0x00000076                __vector_5
                0x00000076                __vector_4
                0x00000076                __vector_2
                0x00000076                __vector_15
                0x00000076                __vector_8
                0x00000076                __vector_10
                0x00000076                __vector_16
                0x00000076                __vector_18
 .text          0x00000078        0x0 ./src/main.o
 .text          0x00000078        0x0 c:/opencv2/dep/winavr/bin/../lib/gcc/avr/4.3.3/avr4\libgcc.a(_udivmodhi4.o)
 .text          0x00000078        0x0 c:/opencv2/dep/winavr/bin/../lib/gcc/avr/4.3.3/avr4\libgcc.a(_divmodhi4.o)
 .text          0x00000078        0x0 c:/opencv2/dep/winavr/bin/../lib/gcc/avr/4.3.3/avr4\libgcc.a(_divmodsi4.o)
 .text          0x00000078        0x0 c:/opencv2/dep/winavr/bin/../lib/gcc/avr/4.3.3/avr4\libgcc.a(_exit.o)
 .text          0x00000078        0x0 c:/opencv2/dep/winavr/bin/../lib/gcc/avr/4.3.3/avr4\libgcc.a(_copy_data.o)
 .text          0x00000078        0x0 c:/opencv2/dep/winavr/bin/../lib/gcc/avr/4.3.3/avr4\libgcc.a(_clear_bss.o)
 .text          0x00000078       0xb4 c:/opencv2/dep/winavr/bin/../lib/gcc/avr/4.3.3/avr4\libgcc.a(_si_to_sf.o)
                0x00000078                __floatsisf
 .text          0x0000012c       0xa2 c:/opencv2/dep/winavr/bin/../lib/gcc/avr/4.3.3/avr4\libgcc.a(_sf_to_si.o)
                0x0000012c                __fixsfsi
 .text          0x000001ce        0x0 c:/opencv2/dep/winavr/bin/../lib/gcc/avr/4.3.3/avr4\libgcc.a(_udivmodsi4.o)
 .text          0x000001ce        0x0 c:/opencv2/dep/winavr/bin/../lib/gcc/avr/4.3.3/avr4\libgcc.a(_prologue.o)
 .text          0x000001ce        0x0 c:/opencv2/dep/winavr/bin/../lib/gcc/avr/4.3.3/avr4\libgcc.a(_epilogue.o)
 .text          0x000001ce       0x9e c:/opencv2/dep/winavr/bin/../lib/gcc/avr/4.3.3/avr4\libgcc.a(_clzsi2.o)
                0x000001ce                __clzsi2
 .text          0x0000026c      0x1aa c:/opencv2/dep/winavr/bin/../lib/gcc/avr/4.3.3/avr4\libgcc.a(_pack_sf.o)
                0x0000026c                __pack_f
 .text          0x00000416       0xf0 c:/opencv2/dep/winavr/bin/../lib/gcc/avr/4.3.3/avr4\libgcc.a(_unpack_sf.o)
                0x00000416                __unpack_f
 .text          0x00000506        0x0 c:/opencv2/dep/winavr/bin/../lib/gcc/avr/4.3.3/avr4\libgcc.a(_clz.o)
 .text          0x00000506        0x0 c:/opencv2/dep/winavr/bin/../lib/gcc/avr/4.3.3/../../../../avr/lib/avr4\libc.a(itoa.o)
 .text          0x00000506        0x0 c:/opencv2/dep/winavr/bin/../lib/gcc/avr/4.3.3/../../../../avr/lib/avr4\libc.a(sqrt.o)
 .text          0x00000506        0x0 c:/opencv2/dep/winavr/bin/../lib/gcc/avr/4.3.3/../../../../avr/lib/avr4\libc.a(strrev.o)
 .text          0x00000506        0x0 c:/opencv2/dep/winavr/bin/../lib/gcc/avr/4.3.3/../../../../avr/lib/avr4\libc.a(fp_mpack.o)
 .text          0x00000506        0x0 c:/opencv2/dep/winavr/bin/../lib/gcc/avr/4.3.3/../../../../avr/lib/avr4\libc.a(fp_nan.o)
 .text          0x00000506        0x0 c:/opencv2/dep/winavr/bin/../lib/gcc/avr/4.3.3/../../../../avr/lib/avr4\libc.a(fp_norm2.o)
 .text          0x00000506        0x0 c:/opencv2/dep/winavr/bin/../lib/gcc/avr/4.3.3/../../../../avr/lib/avr4\libc.a(fp_split3.o)
                0x00000506                . = ALIGN (0x2)
 *(.text.*)
 .text.__vector_6
                0x00000506       0x8a ./src/main.o
                0x00000506                __vector_6
 .text.__vector_14
                0x00000590       0x1e ./src/main.o
                0x00000590                __vector_14
 .text.__vector_9
                0x000005ae       0x1e ./src/main.o
                0x000005ae                __vector_9
 .text.find_THRESHOLD
                0x000005cc       0x56 ./src/main.o
                0x000005cc                find_THRESHOLD
 .text.moving_average
                0x00000622       0xaa ./src/main.o
                0x00000622                moving_average
 .text.cal_stats
                0x000006cc      0x228 ./src/main.o
                0x000006cc                cal_stats
 .text.send_8bit_nibble
                0x000008f4       0x26 ./src/main.o
                0x000008f4                send_8bit_nibble
 .text.init_timers
                0x0000091a       0x2a ./src/main.o
                0x0000091a                init_timers
 .text.init_LCD
                0x00000944       0x48 ./src/main.o
                0x00000944                init_LCD
 .text.init_ADC
                0x0000098c       0x16 ./src/main.o
                0x0000098c                init_ADC
 .text.int2str2
                0x000009a2      0x10a ./src/main.o
                0x000009a2                int2str2
 .text.debug_display
                0x00000aac      0x14a ./src/main.o
                0x00000aac                debug_display
 .text.displayStats
                0x00000bf6      0x39e ./src/main.o
                0x00000bf6                displayStats
 .text.main     0x00000f94      0x22a ./src/main.o
                0x00000f94                main
 .text.libgcc   0x000011be       0x28 c:/opencv2/dep/winavr/bin/../lib/gcc/avr/4.3.3/avr4\libgcc.a(_udivmodhi4.o)
                0x000011be                __udivmodhi4
 .text.libgcc   0x000011e6       0x26 c:/opencv2/dep/winavr/bin/../lib/gcc/avr/4.3.3/avr4\libgcc.a(_divmodhi4.o)
                0x000011e6                __divmodhi4
                0x000011e6                _div
 .text.libgcc   0x0000120c       0x36 c:/opencv2/dep/winavr/bin/../lib/gcc/avr/4.3.3/avr4\libgcc.a(_divmodsi4.o)
                0x0000120c                __divmodsi4
 .text.libgcc   0x00001242        0x0 c:/opencv2/dep/winavr/bin/../lib/gcc/avr/4.3.3/avr4\libgcc.a(_exit.o)
 .text.libgcc   0x00001242        0x0 c:/opencv2/dep/winavr/bin/../lib/gcc/avr/4.3.3/avr4\libgcc.a(_copy_data.o)
 .text.libgcc   0x00001242        0x0 c:/opencv2/dep/winavr/bin/../lib/gcc/avr/4.3.3/avr4\libgcc.a(_clear_bss.o)
 .text.libgcc   0x00001242       0x44 c:/opencv2/dep/winavr/bin/../lib/gcc/avr/4.3.3/avr4\libgcc.a(_udivmodsi4.o)
                0x00001242                __udivmodsi4
 .text.libgcc   0x00001286       0x38 c:/opencv2/dep/winavr/bin/../lib/gcc/avr/4.3.3/avr4\libgcc.a(_prologue.o)
                0x00001286                __prologue_saves__
 .text.libgcc   0x000012be       0x36 c:/opencv2/dep/winavr/bin/../lib/gcc/avr/4.3.3/avr4\libgcc.a(_epilogue.o)
                0x000012be                __epilogue_restores__
 .text.avr-libc
                0x000012f4       0x3e c:/opencv2/dep/winavr/bin/../lib/gcc/avr/4.3.3/../../../../avr/lib/avr4\libc.a(itoa.o)
                0x000012f4                itoa
 .text.avr-libc.fplib
                0x00001332       0x84 c:/opencv2/dep/winavr/bin/../lib/gcc/avr/4.3.3/../../../../avr/lib/avr4\libc.a(sqrt.o)
                0x0000133a                sqrt
 .text.avr-libc
                0x000013b6       0x20 c:/opencv2/dep/winavr/bin/../lib/gcc/avr/4.3.3/../../../../avr/lib/avr4\libc.a(strrev.o)
                0x000013b6                strrev
 .text.avr-libc.fplib
                0x000013d6       0x1c c:/opencv2/dep/winavr/bin/../lib/gcc/avr/4.3.3/../../../../avr/lib/avr4\libc.a(fp_mpack.o)
                0x000013da                __fp_mpack_finite
                0x000013d6                __fp_mpack
 .text.avr-libc.fplib
                0x000013f2        0x6 c:/opencv2/dep/winavr/bin/../lib/gcc/avr/4.3.3/../../../../avr/lib/avr4\libc.a(fp_nan.o)
                0x000013f2                __fp_nan
 .text.avr-libc.fplib
                0x000013f8        0xe c:/opencv2/dep/winavr/bin/../lib/gcc/avr/4.3.3/../../../../avr/lib/avr4\libc.a(fp_norm2.o)
                0x000013f8                __fp_norm2
 .text.avr-libc.fplib
                0x00001406       0x44 c:/opencv2/dep/winavr/bin/../lib/gcc/avr/4.3.3/../../../../avr/lib/avr4\libc.a(fp_split3.o)
                0x00001406                __fp_split3
                0x00001416                __fp_splitA
                0x0000144a                . = ALIGN (0x2)
 *(.fini9)
 .fini9         0x0000144a        0x0 c:/opencv2/dep/winavr/bin/../lib/gcc/avr/4.3.3/avr4\libgcc.a(_exit.o)
                0x0000144a                exit
                0x0000144a                _exit
 *(.fini9)
 *(.fini8)
 *(.fini8)
 *(.fini7)
 *(.fini7)
 *(.fini6)
 *(.fini6)
 *(.fini5)
 *(.fini5)
 *(.fini4)
 *(.fini4)
 *(.fini3)
 *(.fini3)
 *(.fini2)
 *(.fini2)
 *(.fini1)
 *(.fini1)
 *(.fini0)
 .fini0         0x0000144a        0x4 c:/opencv2/dep/winavr/bin/../lib/gcc/avr/4.3.3/avr4\libgcc.a(_exit.o)
 *(.fini0)
                0x0000144e                _etext = .

.data           0x00800060      0x100 load address 0x0000144e
                0x00800060                PROVIDE (__data_start, .)
 *(.data)
 .data          0x00800060        0x0 c:/opencv2/dep/winavr/bin/../lib/gcc/avr/4.3.3/../../../../avr/lib/avr4/crtm8.o
 .data          0x00800060        0x0 ./src/main.o
 .data          0x00800060        0x0 c:/opencv2/dep/winavr/bin/../lib/gcc/avr/4.3.3/avr4\libgcc.a(_udivmodhi4.o)
 .data          0x00800060        0x0 c:/opencv2/dep/winavr/bin/../lib/gcc/avr/4.3.3/avr4\libgcc.a(_divmodhi4.o)
 .data          0x00800060        0x0 c:/opencv2/dep/winavr/bin/../lib/gcc/avr/4.3.3/avr4\libgcc.a(_divmodsi4.o)
 .data          0x00800060        0x0 c:/opencv2/dep/winavr/bin/../lib/gcc/avr/4.3.3/avr4\libgcc.a(_exit.o)
 .data          0x00800060        0x0 c:/opencv2/dep/winavr/bin/../lib/gcc/avr/4.3.3/avr4\libgcc.a(_copy_data.o)
 .data          0x00800060        0x0 c:/opencv2/dep/winavr/bin/../lib/gcc/avr/4.3.3/avr4\libgcc.a(_clear_bss.o)
 .data          0x00800060        0x0 c:/opencv2/dep/winavr/bin/../lib/gcc/avr/4.3.3/avr4\libgcc.a(_si_to_sf.o)
 .data          0x00800060        0x0 c:/opencv2/dep/winavr/bin/../lib/gcc/avr/4.3.3/avr4\libgcc.a(_sf_to_si.o)
 .data          0x00800060        0x0 c:/opencv2/dep/winavr/bin/../lib/gcc/avr/4.3.3/avr4\libgcc.a(_udivmodsi4.o)
 .data          0x00800060        0x0 c:/opencv2/dep/winavr/bin/../lib/gcc/avr/4.3.3/avr4\libgcc.a(_prologue.o)
 .data          0x00800060        0x0 c:/opencv2/dep/winavr/bin/../lib/gcc/avr/4.3.3/avr4\libgcc.a(_epilogue.o)
 .data          0x00800060        0x0 c:/opencv2/dep/winavr/bin/../lib/gcc/avr/4.3.3/avr4\libgcc.a(_clzsi2.o)
 .data          0x00800060        0x0 c:/opencv2/dep/winavr/bin/../lib/gcc/avr/4.3.3/avr4\libgcc.a(_pack_sf.o)
 .data          0x00800060        0x0 c:/opencv2/dep/winavr/bin/../lib/gcc/avr/4.3.3/avr4\libgcc.a(_unpack_sf.o)
 .data          0x00800060      0x100 c:/opencv2/dep/winavr/bin/../lib/gcc/avr/4.3.3/avr4\libgcc.a(_clz.o)
                0x00800060                __clz_tab
 .data          0x00800160        0x0 c:/opencv2/dep/winavr/bin/../lib/gcc/avr/4.3.3/../../../../avr/lib/avr4\libc.a(itoa.o)
 .data          0x00800160        0x0 c:/opencv2/dep/winavr/bin/../lib/gcc/avr/4.3.3/../../../../avr/lib/avr4\libc.a(sqrt.o)
 .data          0x00800160        0x0 c:/opencv2/dep/winavr/bin/../lib/gcc/avr/4.3.3/../../../../avr/lib/avr4\libc.a(strrev.o)
 .data          0x00800160        0x0 c:/opencv2/dep/winavr/bin/../lib/gcc/avr/4.3.3/../../../../avr/lib/avr4\libc.a(fp_mpack.o)
 .data          0x00800160        0x0 c:/opencv2/dep/winavr/bin/../lib/gcc/avr/4.3.3/../../../../avr/lib/avr4\libc.a(fp_nan.o)
 .data          0x00800160        0x0 c:/opencv2/dep/winavr/bin/../lib/gcc/avr/4.3.3/../../../../avr/lib/avr4\libc.a(fp_norm2.o)
 .data          0x00800160        0x0 c:/opencv2/dep/winavr/bin/../lib/gcc/avr/4.3.3/../../../../avr/lib/avr4\libc.a(fp_split3.o)
 *(.data*)
 *(.rodata)
 *(.rodata*)
 *(.gnu.linkonce.d*)
                0x00800160                . = ALIGN (0x2)
                0x00800160                _edata = .
                0x00800160                PROVIDE (__data_end, .)

.bss            0x00800160        0x9
                0x00800160                PROVIDE (__bss_start, .)
 *(.bss)
 .bss           0x00800160        0x0 c:/opencv2/dep/winavr/bin/../lib/gcc/avr/4.3.3/../../../../avr/lib/avr4/crtm8.o
 .bss           0x00800160        0x0 ./src/main.o
 .bss           0x00800160        0x0 c:/opencv2/dep/winavr/bin/../lib/gcc/avr/4.3.3/avr4\libgcc.a(_udivmodhi4.o)
 .bss           0x00800160        0x0 c:/opencv2/dep/winavr/bin/../lib/gcc/avr/4.3.3/avr4\libgcc.a(_divmodhi4.o)
 .bss           0x00800160        0x0 c:/opencv2/dep/winavr/bin/../lib/gcc/avr/4.3.3/avr4\libgcc.a(_divmodsi4.o)
 .bss           0x00800160        0x0 c:/opencv2/dep/winavr/bin/../lib/gcc/avr/4.3.3/avr4\libgcc.a(_exit.o)
 .bss           0x00800160        0x0 c:/opencv2/dep/winavr/bin/../lib/gcc/avr/4.3.3/avr4\libgcc.a(_copy_data.o)
 .bss           0x00800160        0x0 c:/opencv2/dep/winavr/bin/../lib/gcc/avr/4.3.3/avr4\libgcc.a(_clear_bss.o)
 .bss           0x00800160        0x0 c:/opencv2/dep/winavr/bin/../lib/gcc/avr/4.3.3/avr4\libgcc.a(_si_to_sf.o)
 .bss           0x00800160        0x0 c:/opencv2/dep/winavr/bin/../lib/gcc/avr/4.3.3/avr4\libgcc.a(_sf_to_si.o)
 .bss           0x00800160        0x0 c:/opencv2/dep/winavr/bin/../lib/gcc/avr/4.3.3/avr4\libgcc.a(_udivmodsi4.o)
 .bss           0x00800160        0x0 c:/opencv2/dep/winavr/bin/../lib/gcc/avr/4.3.3/avr4\libgcc.a(_prologue.o)
 .bss           0x00800160        0x0 c:/opencv2/dep/winavr/bin/../lib/gcc/avr/4.3.3/avr4\libgcc.a(_epilogue.o)
 .bss           0x00800160        0x0 c:/opencv2/dep/winavr/bin/../lib/gcc/avr/4.3.3/avr4\libgcc.a(_clzsi2.o)
 .bss           0x00800160        0x0 c:/opencv2/dep/winavr/bin/../lib/gcc/avr/4.3.3/avr4\libgcc.a(_pack_sf.o)
 .bss           0x00800160        0x0 c:/opencv2/dep/winavr/bin/../lib/gcc/avr/4.3.3/avr4\libgcc.a(_unpack_sf.o)
 .bss           0x00800160        0x0 c:/opencv2/dep/winavr/bin/../lib/gcc/avr/4.3.3/avr4\libgcc.a(_clz.o)
 .bss           0x00800160        0x0 c:/opencv2/dep/winavr/bin/../lib/gcc/avr/4.3.3/../../../../avr/lib/avr4\libc.a(itoa.o)
 .bss           0x00800160        0x0 c:/opencv2/dep/winavr/bin/../lib/gcc/avr/4.3.3/../../../../avr/lib/avr4\libc.a(sqrt.o)
 .bss           0x00800160        0x0 c:/opencv2/dep/winavr/bin/../lib/gcc/avr/4.3.3/../../../../avr/lib/avr4\libc.a(strrev.o)
 .bss           0x00800160        0x0 c:/opencv2/dep/winavr/bin/../lib/gcc/avr/4.3.3/../../../../avr/lib/avr4\libc.a(fp_mpack.o)
 .bss           0x00800160        0x0 c:/opencv2/dep/winavr/bin/../lib/gcc/avr/4.3.3/../../../../avr/lib/avr4\libc.a(fp_nan.o)
 .bss           0x00800160        0x0 c:/opencv2/dep/winavr/bin/../lib/gcc/avr/4.3.3/../../../../avr/lib/avr4\libc.a(fp_norm2.o)
 .bss           0x00800160        0x0 c:/opencv2/dep/winavr/bin/../lib/gcc/avr/4.3.3/../../../../avr/lib/avr4\libc.a(fp_split3.o)
 *(.bss*)
 .bss.min       0x00800160        0x2 ./src/main.o
 .bss.sec       0x00800162        0x2 ./src/main.o
 .bss.done      0x00800164        0x1 ./src/main.o
 .bss.time_changed
                0x00800165        0x1 ./src/main.o
 .bss.reset_counter
                0x00800166        0x2 ./src/main.o
 .bss.switched  0x00800168        0x1 ./src/main.o
 *(COMMON)
                0x00800169                PROVIDE (__bss_end, .)
                0x0000144e                __data_load_start = LOADADDR (.data)
                0x0000154e                __data_load_end = (__data_load_start + SIZEOF (.data))

.noinit         0x00800169        0x0
                0x00800169                PROVIDE (__noinit_start, .)
 *(.noinit*)
                0x00800169                PROVIDE (__noinit_end, .)
                0x00800169                _end = .
                0x00800169                PROVIDE (__heap_start, .)

.eeprom         0x00810000        0x0
 *(.eeprom*)
                0x00810000                __eeprom_end = .

.fuse
 *(.fuse)
 *(.lfuse)
 *(.hfuse)
 *(.efuse)

.lock
 *(.lock*)

.signature
 *(.signature*)

.stab
 *(.stab)

.stabstr
 *(.stabstr)

.stab.excl
 *(.stab.excl)

.stab.exclstr
 *(.stab.exclstr)

.stab.index
 *(.stab.index)

.stab.indexstr
 *(.stab.indexstr)

.comment
 *(.comment)

.debug
 *(.debug)

.line
 *(.line)

.debug_srcinfo
 *(.debug_srcinfo)

.debug_sfnames
 *(.debug_sfnames)

.debug_aranges  0x00000000       0xa0
 *(.debug_aranges)
 .debug_aranges
                0x00000000       0x20 c:/opencv2/dep/winavr/bin/../lib/gcc/avr/4.3.3/avr4\libgcc.a(_si_to_sf.o)
 .debug_aranges
                0x00000020       0x20 c:/opencv2/dep/winavr/bin/../lib/gcc/avr/4.3.3/avr4\libgcc.a(_sf_to_si.o)
 .debug_aranges
                0x00000040       0x20 c:/opencv2/dep/winavr/bin/../lib/gcc/avr/4.3.3/avr4\libgcc.a(_clzsi2.o)
 .debug_aranges
                0x00000060       0x20 c:/opencv2/dep/winavr/bin/../lib/gcc/avr/4.3.3/avr4\libgcc.a(_pack_sf.o)
 .debug_aranges
                0x00000080       0x20 c:/opencv2/dep/winavr/bin/../lib/gcc/avr/4.3.3/avr4\libgcc.a(_unpack_sf.o)

.debug_pubnames
                0x00000000       0xc1
 *(.debug_pubnames)
 .debug_pubnames
                0x00000000       0x22 c:/opencv2/dep/winavr/bin/../lib/gcc/avr/4.3.3/avr4\libgcc.a(_si_to_sf.o)
 .debug_pubnames
                0x00000022       0x20 c:/opencv2/dep/winavr/bin/../lib/gcc/avr/4.3.3/avr4\libgcc.a(_sf_to_si.o)
 .debug_pubnames
                0x00000042       0x1f c:/opencv2/dep/winavr/bin/../lib/gcc/avr/4.3.3/avr4\libgcc.a(_clzsi2.o)
 .debug_pubnames
                0x00000061       0x1f c:/opencv2/dep/winavr/bin/../lib/gcc/avr/4.3.3/avr4\libgcc.a(_pack_sf.o)
 .debug_pubnames
                0x00000080       0x21 c:/opencv2/dep/winavr/bin/../lib/gcc/avr/4.3.3/avr4\libgcc.a(_unpack_sf.o)
 .debug_pubnames
                0x000000a1       0x20 c:/opencv2/dep/winavr/bin/../lib/gcc/avr/4.3.3/avr4\libgcc.a(_clz.o)

.debug_info     0x00000000      0xba7
 *(.debug_info)
 .debug_info    0x00000000      0x207 c:/opencv2/dep/winavr/bin/../lib/gcc/avr/4.3.3/avr4\libgcc.a(_si_to_sf.o)
 .debug_info    0x00000207      0x2b0 c:/opencv2/dep/winavr/bin/../lib/gcc/avr/4.3.3/avr4\libgcc.a(_sf_to_si.o)
 .debug_info    0x000004b7      0x117 c:/opencv2/dep/winavr/bin/../lib/gcc/avr/4.3.3/avr4\libgcc.a(_clzsi2.o)
 .debug_info    0x000005ce      0x2df c:/opencv2/dep/winavr/bin/../lib/gcc/avr/4.3.3/avr4\libgcc.a(_pack_sf.o)
 .debug_info    0x000008ad      0x251 c:/opencv2/dep/winavr/bin/../lib/gcc/avr/4.3.3/avr4\libgcc.a(_unpack_sf.o)
 .debug_info    0x00000afe       0xa9 c:/opencv2/dep/winavr/bin/../lib/gcc/avr/4.3.3/avr4\libgcc.a(_clz.o)
 *(.gnu.linkonce.wi.*)

.debug_abbrev   0x00000000      0x709
 *(.debug_abbrev)
 .debug_abbrev  0x00000000      0x148 c:/opencv2/dep/winavr/bin/../lib/gcc/avr/4.3.3/avr4\libgcc.a(_si_to_sf.o)
 .debug_abbrev  0x00000148      0x17f c:/opencv2/dep/winavr/bin/../lib/gcc/avr/4.3.3/avr4\libgcc.a(_sf_to_si.o)
 .debug_abbrev  0x000002c7       0xc4 c:/opencv2/dep/winavr/bin/../lib/gcc/avr/4.3.3/avr4\libgcc.a(_clzsi2.o)
 .debug_abbrev  0x0000038b      0x1c0 c:/opencv2/dep/winavr/bin/../lib/gcc/avr/4.3.3/avr4\libgcc.a(_pack_sf.o)
 .debug_abbrev  0x0000054b      0x154 c:/opencv2/dep/winavr/bin/../lib/gcc/avr/4.3.3/avr4\libgcc.a(_unpack_sf.o)
 .debug_abbrev  0x0000069f       0x6a c:/opencv2/dep/winavr/bin/../lib/gcc/avr/4.3.3/avr4\libgcc.a(_clz.o)

.debug_line     0x00000000      0x634
 *(.debug_line)
 .debug_line    0x00000000      0x135 c:/opencv2/dep/winavr/bin/../lib/gcc/avr/4.3.3/avr4\libgcc.a(_si_to_sf.o)
 .debug_line    0x00000135      0x109 c:/opencv2/dep/winavr/bin/../lib/gcc/avr/4.3.3/avr4\libgcc.a(_sf_to_si.o)
 .debug_line    0x0000023e       0xa5 c:/opencv2/dep/winavr/bin/../lib/gcc/avr/4.3.3/avr4\libgcc.a(_clzsi2.o)
 .debug_line    0x000002e3      0x18a c:/opencv2/dep/winavr/bin/../lib/gcc/avr/4.3.3/avr4\libgcc.a(_pack_sf.o)
 .debug_line    0x0000046d      0x14b c:/opencv2/dep/winavr/bin/../lib/gcc/avr/4.3.3/avr4\libgcc.a(_unpack_sf.o)
 .debug_line    0x000005b8       0x7c c:/opencv2/dep/winavr/bin/../lib/gcc/avr/4.3.3/avr4\libgcc.a(_clz.o)

.debug_frame    0x00000000       0xa0
 *(.debug_frame)
 .debug_frame   0x00000000       0x20 c:/opencv2/dep/winavr/bin/../lib/gcc/avr/4.3.3/avr4\libgcc.a(_si_to_sf.o)
 .debug_frame   0x00000020       0x20 c:/opencv2/dep/winavr/bin/../lib/gcc/avr/4.3.3/avr4\libgcc.a(_sf_to_si.o)
 .debug_frame   0x00000040       0x20 c:/opencv2/dep/winavr/bin/../lib/gcc/avr/4.3.3/avr4\libgcc.a(_clzsi2.o)
 .debug_frame   0x00000060       0x20 c:/opencv2/dep/winavr/bin/../lib/gcc/avr/4.3.3/avr4\libgcc.a(_pack_sf.o)
 .debug_frame   0x00000080       0x20 c:/opencv2/dep/winavr/bin/../lib/gcc/avr/4.3.3/avr4\libgcc.a(_unpack_sf.o)

.debug_str      0x00000000      0x209
 *(.debug_str)
 .debug_str     0x00000000      0x12c c:/opencv2/dep/winavr/bin/../lib/gcc/avr/4.3.3/avr4\libgcc.a(_si_to_sf.o)
                                0x17b (size before relaxing)
 .debug_str     0x0000012c       0x41 c:/opencv2/dep/winavr/bin/../lib/gcc/avr/4.3.3/avr4\libgcc.a(_sf_to_si.o)
                                0x19e (size before relaxing)
 .debug_str     0x0000016d       0x81 c:/opencv2/dep/winavr/bin/../lib/gcc/avr/4.3.3/avr4\libgcc.a(_clzsi2.o)
                                0x111 (size before relaxing)
 .debug_str     0x000001ee       0x10 c:/opencv2/dep/winavr/bin/../lib/gcc/avr/4.3.3/avr4\libgcc.a(_pack_sf.o)
                                0x19d (size before relaxing)
 .debug_str     0x000001fe        0xb c:/opencv2/dep/winavr/bin/../lib/gcc/avr/4.3.3/avr4\libgcc.a(_unpack_sf.o)
                                0x17f (size before relaxing)
 .debug_str     0x00000000       0xf4 c:/opencv2/dep/winavr/bin/../lib/gcc/avr/4.3.3/avr4\libgcc.a(_clz.o)

.debug_loc      0x00000000      0x3a8
 *(.debug_loc)
 .debug_loc     0x00000000       0xac c:/opencv2/dep/winavr/bin/../lib/gcc/avr/4.3.3/avr4\libgcc.a(_si_to_sf.o)
 .debug_loc     0x000000ac       0x7e c:/opencv2/dep/winavr/bin/../lib/gcc/avr/4.3.3/avr4\libgcc.a(_sf_to_si.o)
 .debug_loc     0x0000012a       0x94 c:/opencv2/dep/winavr/bin/../lib/gcc/avr/4.3.3/avr4\libgcc.a(_clzsi2.o)
 .debug_loc     0x000001be      0x13e c:/opencv2/dep/winavr/bin/../lib/gcc/avr/4.3.3/avr4\libgcc.a(_pack_sf.o)
 .debug_loc     0x000002fc       0xac c:/opencv2/dep/winavr/bin/../lib/gcc/avr/4.3.3/avr4\libgcc.a(_unpack_sf.o)

.debug_macinfo
 *(.debug_macinfo)
OUTPUT(HRdetect.elf elf32-avr)
LOAD linker stubs
